// Jest Snapshot v1, https://jestjs.io/docs/snapshot-testing

exports[`SpinnerComponent should render spinner 1`] = `
<termo-spinner>
  <div
    class="spinner"
  >
    <div
      class="rect1"
    />
    <div
      class="rect2"
    />
    <div
      class="rect3"
    />
    <div
      class="rect4"
    />
    <div
      class="rect5"
    />
  </div>
</termo-spinner>
`;
